Starting ERA5 composite download/processing loop at Fri Mar  6 01:20:18 PM PST 2026
2026-03-06 13:22:18,282 INFO status has been updated to successful
Found 119 composite days
[94m[1mDownloading ERA5 for period: 1997-05-31 10:00:00 to 1997-05-31 23:00:00[0m [92m[06-03: 13:20][0m
 - Found 1997-05-31 00:00:00 - model_an local
 - Found 1997-05-31 00:00:00 - pressure_an local
 - Found 1997-05-31 00:00:00 - surface_an local
[94m[1mReading ERA5 from 1997-05-31 10:00:00 to 1997-05-31 23:00:00[0m [92m[06-03: 13:20][0m
[94m[1mCalculating large-scale forcings[0m [92m[06-03: 13:20][0m
 - Using nearest lat/lon = 36.50/-97.50 (requested = 36.50/-97.50), distance ~= 0.0 km
 - Averaging ERA5 over a 0.25°×0.25° spatial area.
 - Selected grid point is over land.
  Processed 1997-05-31 (1/119)
[94m[1mDownloading ERA5 for period: 1997-06-14 10:00:00 to 1997-06-14 23:00:00[0m [92m[06-03: 13:20][0m
 - Found 1997-06-14 00:00:00 - model_an local
 - Found 1997-06-14 00:00:00 - pressure_an local
 - Found 1997-06-14 00:00:00 - surface_an local
[94m[1mReading ERA5 from 1997-06-14 10:00:00 to 1997-06-14 23:00:00[0m [92m[06-03: 13:20][0m
[94m[1mCalculating large-scale forcings[0m [92m[06-03: 13:20][0m
 - Using nearest lat/lon = 36.50/-97.50 (requested = 36.50/-97.50), distance ~= 0.0 km
 - Averaging ERA5 over a 0.25°×0.25° spatial area.
 - Selected grid point is over land.
  Processed 1997-06-14 (2/119)
[94m[1mDownloading ERA5 for period: 1997-07-12 10:00:00 to 1997-07-12 23:00:00[0m [92m[06-03: 13:20][0m
 - Found 1997-07-12 00:00:00 - model_an local
 - Found 1997-07-12 00:00:00 - pressure_an local
 - Found 1997-07-12 00:00:00 - surface_an local
[94m[1mReading ERA5 from 1997-07-12 10:00:00 to 1997-07-12 23:00:00[0m [92m[06-03: 13:20][0m
[94m[1mCalculating large-scale forcings[0m [92m[06-03: 13:20][0m
 - Using nearest lat/lon = 36.50/-97.50 (requested = 36.50/-97.50), distance ~= 0.0 km
 - Averaging ERA5 over a 0.25°×0.25° spatial area.
 - Selected grid point is over land.
  Processed 1997-07-12 (3/119)
[94m[1mDownloading ERA5 for period: 1997-07-27 10:00:00 to 1997-07-27 23:00:00[0m [92m[06-03: 13:20][0m
 - Found 1997-07-27 00:00:00 - model_an local
 - Found 1997-07-27 00:00:00 - pressure_an local
 - Found 1997-07-27 00:00:00 - surface_an local
[94m[1mReading ERA5 from 1997-07-27 10:00:00 to 1997-07-27 23:00:00[0m [92m[06-03: 13:20][0m
[94m[1mCalculating large-scale forcings[0m [92m[06-03: 13:20][0m
 - Using nearest lat/lon = 36.50/-97.50 (requested = 36.50/-97.50), distance ~= 0.0 km
 - Averaging ERA5 over a 0.25°×0.25° spatial area.
 - Selected grid point is over land.
  Processed 1997-07-27 (4/119)
[94m[1mDownloading ERA5 for period: 1998-05-07 10:00:00 to 1998-05-07 23:00:00[0m [92m[06-03: 13:20][0m
 - Found 1998-05-07 00:00:00 - model_an local
 - Found 1998-05-07 00:00:00 - pressure_an local
 - Found 1998-05-07 00:00:00 - surface_an local
[94m[1mReading ERA5 from 1998-05-07 10:00:00 to 1998-05-07 23:00:00[0m [92m[06-03: 13:20][0m
[94m[1mCalculating large-scale forcings[0m [92m[06-03: 13:20][0m
 - Using nearest lat/lon = 36.50/-97.50 (requested = 36.50/-97.50), distance ~= 0.0 km
 - Averaging ERA5 over a 0.25°×0.25° spatial area.
 - Selected grid point is over land.
  Processed 1998-05-07 (5/119)
[94m[1mDownloading ERA5 for period: 1998-05-10 10:00:00 to 1998-05-10 23:00:00[0m [92m[06-03: 13:20][0m
 - Found 1998-05-10 00:00:00 - model_an local
 - Found 1998-05-10 00:00:00 - pressure_an local
 - Found 1998-05-10 00:00:00 - surface_an local
[94m[1mReading ERA5 from 1998-05-10 10:00:00 to 1998-05-10 23:00:00[0m [92m[06-03: 13:20][0m
[94m[1mCalculating large-scale forcings[0m [92m[06-03: 13:20][0m
 - Using nearest lat/lon = 36.50/-97.50 (requested = 36.50/-97.50), distance ~= 0.0 km
 - Averaging ERA5 over a 0.25°×0.25° spatial area.
 - Selected grid point is over land.
  Processed 1998-05-10 (6/119)
[94m[1mDownloading ERA5 for period: 1998-07-04 10:00:00 to 1998-07-04 23:00:00[0m [92m[06-03: 13:20][0m
 - Found 1998-07-04 00:00:00 - model_an local
 - Found 1998-07-04 00:00:00 - pressure_an local
 - Found 1998-07-04 00:00:00 - surface_an local
[94m[1mReading ERA5 from 1998-07-04 10:00:00 to 1998-07-04 23:00:00[0m [92m[06-03: 13:20][0m
[94m[1mCalculating large-scale forcings[0m [92m[06-03: 13:20][0m
 - Using nearest lat/lon = 36.50/-97.50 (requested = 36.50/-97.50), distance ~= 0.0 km
 - Averaging ERA5 over a 0.25°×0.25° spatial area.
 - Selected grid point is over land.
  Processed 1998-07-04 (7/119)
[94m[1mDownloading ERA5 for period: 1998-07-21 10:00:00 to 1998-07-21 23:00:00[0m [92m[06-03: 13:20][0m
 - Found 1998-07-21 00:00:00 - model_an local
 - Found 1998-07-21 00:00:00 - pressure_an local
 - Found 1998-07-21 00:00:00 - surface_an local
[94m[1mReading ERA5 from 1998-07-21 10:00:00 to 1998-07-21 23:00:00[0m [92m[06-03: 13:20][0m
[94m[1mCalculating large-scale forcings[0m [92m[06-03: 13:20][0m
 - Using nearest lat/lon = 36.50/-97.50 (requested = 36.50/-97.50), distance ~= 0.0 km
 - Averaging ERA5 over a 0.25°×0.25° spatial area.
 - Selected grid point is over land.
  Processed 1998-07-21 (8/119)
[94m[1mDownloading ERA5 for period: 1999-06-08 10:00:00 to 1999-06-08 23:00:00[0m [92m[06-03: 13:20][0m
 - Found 1999-06-08 00:00:00 - model_an local
 - Found 1999-06-08 00:00:00 - pressure_an local
 - Found 1999-06-08 00:00:00 - surface_an local
[94m[1mReading ERA5 from 1999-06-08 10:00:00 to 1999-06-08 23:00:00[0m [92m[06-03: 13:20][0m
[94m[1mCalculating large-scale forcings[0m [92m[06-03: 13:20][0m
 - Using nearest lat/lon = 36.50/-97.50 (requested = 36.50/-97.50), distance ~= 0.0 km
 - Averaging ERA5 over a 0.25°×0.25° spatial area.
 - Selected grid point is over land.
  Processed 1999-06-08 (9/119)
[94m[1mDownloading ERA5 for period: 1999-07-03 10:00:00 to 1999-07-03 23:00:00[0m [92m[06-03: 13:20][0m
 - Found 1999-07-03 00:00:00 - model_an local
 - Found 1999-07-03 00:00:00 - pressure_an local
 - Found 1999-07-03 00:00:00 - surface_an local
[94m[1mReading ERA5 from 1999-07-03 10:00:00 to 1999-07-03 23:00:00[0m [92m[06-03: 13:20][0m
[94m[1mCalculating large-scale forcings[0m [92m[06-03: 13:20][0m
 - Using nearest lat/lon = 36.50/-97.50 (requested = 36.50/-97.50), distance ~= 0.0 km
 - Averaging ERA5 over a 0.25°×0.25° spatial area.
 - Selected grid point is over land.
  Processed 1999-07-03 (10/119)
[94m[1mDownloading ERA5 for period: 1999-07-04 10:00:00 to 1999-07-04 23:00:00[0m [92m[06-03: 13:20][0m
 - Found 1999-07-04 00:00:00 - model_an local
 - Found 1999-07-04 00:00:00 - pressure_an local
 - Found 1999-07-04 00:00:00 - surface_an local
[94m[1mReading ERA5 from 1999-07-04 10:00:00 to 1999-07-04 23:00:00[0m [92m[06-03: 13:20][0m
[94m[1mCalculating large-scale forcings[0m [92m[06-03: 13:20][0m
 - Using nearest lat/lon = 36.50/-97.50 (requested = 36.50/-97.50), distance ~= 0.0 km
 - Averaging ERA5 over a 0.25°×0.25° spatial area.
 - Selected grid point is over land.
  Processed 1999-07-04 (11/119)
[94m[1mDownloading ERA5 for period: 1999-07-05 10:00:00 to 1999-07-05 23:00:00[0m [92m[06-03: 13:20][0m
 - Found 1999-07-05 00:00:00 - model_an local
 - Found 1999-07-05 00:00:00 - pressure_an local
 - Found 1999-07-05 00:00:00 - surface_an local
[94m[1mReading ERA5 from 1999-07-05 10:00:00 to 1999-07-05 23:00:00[0m [92m[06-03: 13:20][0m
[94m[1mCalculating large-scale forcings[0m [92m[06-03: 13:20][0m
 - Using nearest lat/lon = 36.50/-97.50 (requested = 36.50/-97.50), distance ~= 0.0 km
 - Averaging ERA5 over a 0.25°×0.25° spatial area.
 - Selected grid point is over land.
  Processed 1999-07-05 (12/119)
[94m[1mDownloading ERA5 for period: 1999-07-17 10:00:00 to 1999-07-17 23:00:00[0m [92m[06-03: 13:20][0m
 - Found 1999-07-17 00:00:00 - model_an local
 - Found 1999-07-17 00:00:00 - pressure_an local
 - Found 1999-07-17 00:00:00 - surface_an local
[94m[1mReading ERA5 from 1999-07-17 10:00:00 to 1999-07-17 23:00:00[0m [92m[06-03: 13:20][0m
[94m[1mCalculating large-scale forcings[0m [92m[06-03: 13:20][0m
 - Using nearest lat/lon = 36.50/-97.50 (requested = 36.50/-97.50), distance ~= 0.0 km
 - Averaging ERA5 over a 0.25°×0.25° spatial area.
 - Selected grid point is over land.
  Processed 1999-07-17 (13/119)
[94m[1mDownloading ERA5 for period: 1999-07-18 10:00:00 to 1999-07-18 23:00:00[0m [92m[06-03: 13:20][0m
 - Found 1999-07-18 00:00:00 - model_an local
 - Found 1999-07-18 00:00:00 - pressure_an local
 - Found 1999-07-18 00:00:00 - surface_an local
[94m[1mReading ERA5 from 1999-07-18 10:00:00 to 1999-07-18 23:00:00[0m [92m[06-03: 13:20][0m
[94m[1mCalculating large-scale forcings[0m [92m[06-03: 13:20][0m
 - Using nearest lat/lon = 36.50/-97.50 (requested = 36.50/-97.50), distance ~= 0.0 km
 - Averaging ERA5 over a 0.25°×0.25° spatial area.
 - Selected grid point is over land.
  Processed 1999-07-18 (14/119)
[94m[1mDownloading ERA5 for period: 1999-07-19 10:00:00 to 1999-07-19 23:00:00[0m [92m[06-03: 13:20][0m
 - Found 1999-07-19 00:00:00 - model_an local
 - Found 1999-07-19 00:00:00 - pressure_an local
 - Found 1999-07-19 00:00:00 - surface_an local
[94m[1mReading ERA5 from 1999-07-19 10:00:00 to 1999-07-19 23:00:00[0m [92m[06-03: 13:20][0m
[94m[1mCalculating large-scale forcings[0m [92m[06-03: 13:20][0m
 - Using nearest lat/lon = 36.50/-97.50 (requested = 36.50/-97.50), distance ~= 0.0 km
 - Averaging ERA5 over a 0.25°×0.25° spatial area.
 - Selected grid point is over land.
  Processed 1999-07-19 (15/119)
[94m[1mDownloading ERA5 for period: 1999-07-20 10:00:00 to 1999-07-20 23:00:00[0m [92m[06-03: 13:20][0m
 - Found 1999-07-20 00:00:00 - model_an local
 - Found 1999-07-20 00:00:00 - pressure_an local
 - Found 1999-07-20 00:00:00 - surface_an local
[94m[1mReading ERA5 from 1999-07-20 10:00:00 to 1999-07-20 23:00:00[0m [92m[06-03: 13:20][0m
[94m[1mCalculating large-scale forcings[0m [92m[06-03: 13:20][0m
 - Using nearest lat/lon = 36.50/-97.50 (requested = 36.50/-97.50), distance ~= 0.0 km
 - Averaging ERA5 over a 0.25°×0.25° spatial area.
 - Selected grid point is over land.
  Processed 1999-07-20 (16/119)
[94m[1mDownloading ERA5 for period: 1999-07-22 10:00:00 to 1999-07-22 23:00:00[0m [92m[06-03: 13:20][0m
 - Found 1999-07-22 00:00:00 - model_an local
 - Found 1999-07-22 00:00:00 - pressure_an local
 - Found 1999-07-22 00:00:00 - surface_an local
[94m[1mReading ERA5 from 1999-07-22 10:00:00 to 1999-07-22 23:00:00[0m [92m[06-03: 13:20][0m
[94m[1mCalculating large-scale forcings[0m [92m[06-03: 13:20][0m
 - Using nearest lat/lon = 36.50/-97.50 (requested = 36.50/-97.50), distance ~= 0.0 km
 - Averaging ERA5 over a 0.25°×0.25° spatial area.
 - Selected grid point is over land.
  Processed 1999-07-22 (17/119)
[94m[1mDownloading ERA5 for period: 1999-08-28 10:00:00 to 1999-08-28 23:00:00[0m [92m[06-03: 13:20][0m
 - Found 1999-08-28 00:00:00 - model_an local
 - Found 1999-08-28 00:00:00 - pressure_an local
 - Found 1999-08-28 00:00:00 - surface_an local
[94m[1mReading ERA5 from 1999-08-28 10:00:00 to 1999-08-28 23:00:00[0m [92m[06-03: 13:20][0m
[94m[1mCalculating large-scale forcings[0m [92m[06-03: 13:20][0m
 - Using nearest lat/lon = 36.50/-97.50 (requested = 36.50/-97.50), distance ~= 0.0 km
 - Averaging ERA5 over a 0.25°×0.25° spatial area.
 - Selected grid point is over land.
  Processed 1999-08-28 (18/119)
[94m[1mDownloading ERA5 for period: 2000-05-30 10:00:00 to 2000-05-30 23:00:00[0m [92m[06-03: 13:20][0m
 - Found 2000-05-30 00:00:00 - model_an local
 - Found 2000-05-30 00:00:00 - pressure_an local
 - Found 2000-05-30 00:00:00 - surface_an local
[94m[1mReading ERA5 from 2000-05-30 10:00:00 to 2000-05-30 23:00:00[0m [92m[06-03: 13:20][0m
[94m[1mCalculating large-scale forcings[0m [92m[06-03: 13:20][0m
 - Using nearest lat/lon = 36.50/-97.50 (requested = 36.50/-97.50), distance ~= 0.0 km
 - Averaging ERA5 over a 0.25°×0.25° spatial area.
 - Selected grid point is over land.
  Processed 2000-05-30 (19/119)
[94m[1mDownloading ERA5 for period: 2000-07-08 10:00:00 to 2000-07-08 23:00:00[0m [92m[06-03: 13:20][0m
 - Found 2000-07-08 00:00:00 - model_an local
 - Found 2000-07-08 00:00:00 - pressure_an local
 - Found 2000-07-08 00:00:00 - surface_an local
[94m[1mReading ERA5 from 2000-07-08 10:00:00 to 2000-07-08 23:00:00[0m [92m[06-03: 13:20][0m
[94m[1mCalculating large-scale forcings[0m [92m[06-03: 13:21][0m
 - Using nearest lat/lon = 36.50/-97.50 (requested = 36.50/-97.50), distance ~= 0.0 km
 - Averaging ERA5 over a 0.25°×0.25° spatial area.
 - Selected grid point is over land.
  Processed 2000-07-08 (20/119)
[94m[1mDownloading ERA5 for period: 2000-07-31 10:00:00 to 2000-07-31 23:00:00[0m [92m[06-03: 13:21][0m
 - Found 2000-07-31 00:00:00 - model_an local
 - Found 2000-07-31 00:00:00 - pressure_an local
 - Found 2000-07-31 00:00:00 - surface_an local
[94m[1mReading ERA5 from 2000-07-31 10:00:00 to 2000-07-31 23:00:00[0m [92m[06-03: 13:21][0m
[94m[1mCalculating large-scale forcings[0m [92m[06-03: 13:21][0m
 - Using nearest lat/lon = 36.50/-97.50 (requested = 36.50/-97.50), distance ~= 0.0 km
 - Averaging ERA5 over a 0.25°×0.25° spatial area.
 - Selected grid point is over land.
  Processed 2000-07-31 (21/119)
[94m[1mDownloading ERA5 for period: 2000-08-08 10:00:00 to 2000-08-08 23:00:00[0m [92m[06-03: 13:21][0m
 - Found 2000-08-08 00:00:00 - model_an local
 - Found 2000-08-08 00:00:00 - pressure_an local
 - Found 2000-08-08 00:00:00 - surface_an local
[94m[1mReading ERA5 from 2000-08-08 10:00:00 to 2000-08-08 23:00:00[0m [92m[06-03: 13:21][0m
[94m[1mCalculating large-scale forcings[0m [92m[06-03: 13:21][0m
 - Using nearest lat/lon = 36.50/-97.50 (requested = 36.50/-97.50), distance ~= 0.0 km
 - Averaging ERA5 over a 0.25°×0.25° spatial area.
 - Selected grid point is over land.
  Processed 2000-08-08 (22/119)
[94m[1mDownloading ERA5 for period: 2000-08-10 10:00:00 to 2000-08-10 23:00:00[0m [92m[06-03: 13:21][0m
 - Found 2000-08-10 00:00:00 - model_an local
 - Found 2000-08-10 00:00:00 - pressure_an local
 - Found 2000-08-10 00:00:00 - surface_an local
[94m[1mReading ERA5 from 2000-08-10 10:00:00 to 2000-08-10 23:00:00[0m [92m[06-03: 13:21][0m
[94m[1mCalculating large-scale forcings[0m [92m[06-03: 13:21][0m
 - Using nearest lat/lon = 36.50/-97.50 (requested = 36.50/-97.50), distance ~= 0.0 km
 - Averaging ERA5 over a 0.25°×0.25° spatial area.
 - Selected grid point is over land.
  Processed 2000-08-10 (23/119)
[94m[1mDownloading ERA5 for period: 2000-08-22 10:00:00 to 2000-08-22 23:00:00[0m [92m[06-03: 13:21][0m
 - Found 2000-08-22 00:00:00 - model_an local
 - Found 2000-08-22 00:00:00 - pressure_an local
 - Found 2000-08-22 00:00:00 - surface_an local
[94m[1mReading ERA5 from 2000-08-22 10:00:00 to 2000-08-22 23:00:00[0m [92m[06-03: 13:21][0m
[94m[1mCalculating large-scale forcings[0m [92m[06-03: 13:21][0m
 - Using nearest lat/lon = 36.50/-97.50 (requested = 36.50/-97.50), distance ~= 0.0 km
 - Averaging ERA5 over a 0.25°×0.25° spatial area.
 - Selected grid point is over land.
  Processed 2000-08-22 (24/119)
[94m[1mDownloading ERA5 for period: 2000-08-27 10:00:00 to 2000-08-27 23:00:00[0m [92m[06-03: 13:21][0m
 - Found 2000-08-27 00:00:00 - model_an local
 - Found 2000-08-27 00:00:00 - pressure_an local
 - Found 2000-08-27 00:00:00 - surface_an local
[94m[1mReading ERA5 from 2000-08-27 10:00:00 to 2000-08-27 23:00:00[0m [92m[06-03: 13:21][0m
[94m[1mCalculating large-scale forcings[0m [92m[06-03: 13:21][0m
 - Using nearest lat/lon = 36.50/-97.50 (requested = 36.50/-97.50), distance ~= 0.0 km
 - Averaging ERA5 over a 0.25°×0.25° spatial area.
 - Selected grid point is over land.
  Processed 2000-08-27 (25/119)
[94m[1mDownloading ERA5 for period: 2000-08-28 10:00:00 to 2000-08-28 23:00:00[0m [92m[06-03: 13:21][0m
 - Found 2000-08-28 00:00:00 - model_an local
 - Found 2000-08-28 00:00:00 - pressure_an local
 - Found 2000-08-28 00:00:00 - surface_an local
[94m[1mReading ERA5 from 2000-08-28 10:00:00 to 2000-08-28 23:00:00[0m [92m[06-03: 13:21][0m
[94m[1mCalculating large-scale forcings[0m [92m[06-03: 13:21][0m
 - Using nearest lat/lon = 36.50/-97.50 (requested = 36.50/-97.50), distance ~= 0.0 km
 - Averaging ERA5 over a 0.25°×0.25° spatial area.
 - Selected grid point is over land.
  Processed 2000-08-28 (26/119)
[94m[1mDownloading ERA5 for period: 2000-08-29 10:00:00 to 2000-08-29 23:00:00[0m [92m[06-03: 13:21][0m
 - Found 2000-08-29 00:00:00 - model_an local
 - Found 2000-08-29 00:00:00 - pressure_an local
 - Found 2000-08-29 00:00:00 - surface_an local
[94m[1mReading ERA5 from 2000-08-29 10:00:00 to 2000-08-29 23:00:00[0m [92m[06-03: 13:21][0m
[94m[1mCalculating large-scale forcings[0m [92m[06-03: 13:21][0m
 - Using nearest lat/lon = 36.50/-97.50 (requested = 36.50/-97.50), distance ~= 0.0 km
 - Averaging ERA5 over a 0.25°×0.25° spatial area.
 - Selected grid point is over land.
  Processed 2000-08-29 (27/119)
[94m[1mDownloading ERA5 for period: 2001-05-09 10:00:00 to 2001-05-09 23:00:00[0m [92m[06-03: 13:21][0m
 - Found 2001-05-09 00:00:00 - model_an local
 - Found 2001-05-09 00:00:00 - pressure_an local
 - Found 2001-05-09 00:00:00 - surface_an local
[94m[1mReading ERA5 from 2001-05-09 10:00:00 to 2001-05-09 23:00:00[0m [92m[06-03: 13:21][0m
[94m[1mCalculating large-scale forcings[0m [92m[06-03: 13:21][0m
 - Using nearest lat/lon = 36.50/-97.50 (requested = 36.50/-97.50), distance ~= 0.0 km
 - Averaging ERA5 over a 0.25°×0.25° spatial area.
 - Selected grid point is over land.
  Processed 2001-05-09 (28/119)
[94m[1mDownloading ERA5 for period: 2001-05-12 10:00:00 to 2001-05-12 23:00:00[0m [92m[06-03: 13:21][0m
 - Found 2001-05-12 00:00:00 - model_an local
 - Found 2001-05-12 00:00:00 - pressure_an local
 - Found 2001-05-12 00:00:00 - surface_an local
[94m[1mReading ERA5 from 2001-05-12 10:00:00 to 2001-05-12 23:00:00[0m [92m[06-03: 13:21][0m
[94m[1mCalculating large-scale forcings[0m [92m[06-03: 13:21][0m
 - Using nearest lat/lon = 36.50/-97.50 (requested = 36.50/-97.50), distance ~= 0.0 km
 - Averaging ERA5 over a 0.25°×0.25° spatial area.
 - Selected grid point is over land.
  Processed 2001-05-12 (29/119)
[94m[1mDownloading ERA5 for period: 2001-05-13 10:00:00 to 2001-05-13 23:00:00[0m [92m[06-03: 13:21][0m
 - Found 2001-05-13 00:00:00 - model_an local
 - Found 2001-05-13 00:00:00 - pressure_an local
 - Found 2001-05-13 00:00:00 - surface_an local
[94m[1mReading ERA5 from 2001-05-13 10:00:00 to 2001-05-13 23:00:00[0m [92m[06-03: 13:21][0m
[94m[1mCalculating large-scale forcings[0m [92m[06-03: 13:21][0m
 - Using nearest lat/lon = 36.50/-97.50 (requested = 36.50/-97.50), distance ~= 0.0 km
 - Averaging ERA5 over a 0.25°×0.25° spatial area.
 - Selected grid point is over land.
  Processed 2001-05-13 (30/119)
[94m[1mDownloading ERA5 for period: 2001-05-14 10:00:00 to 2001-05-14 23:00:00[0m [92m[06-03: 13:21][0m
 - Found 2001-05-14 00:00:00 - model_an local
 - Found 2001-05-14 00:00:00 - pressure_an local
 - Found 2001-05-14 00:00:00 - surface_an local
[94m[1mReading ERA5 from 2001-05-14 10:00:00 to 2001-05-14 23:00:00[0m [92m[06-03: 13:21][0m
[94m[1mCalculating large-scale forcings[0m [92m[06-03: 13:21][0m
 - Using nearest lat/lon = 36.50/-97.50 (requested = 36.50/-97.50), distance ~= 0.0 km
 - Averaging ERA5 over a 0.25°×0.25° spatial area.
 - Selected grid point is over land.
  Processed 2001-05-14 (31/119)
[94m[1mDownloading ERA5 for period: 2001-06-09 10:00:00 to 2001-06-09 23:00:00[0m [92m[06-03: 13:21][0m
 - Found 2001-06-09 00:00:00 - model_an local
 - Found 2001-06-09 00:00:00 - pressure_an local
 - Found 2001-06-09 00:00:00 - surface_an local
[94m[1mReading ERA5 from 2001-06-09 10:00:00 to 2001-06-09 23:00:00[0m [92m[06-03: 13:21][0m
[94m[1mCalculating large-scale forcings[0m [92m[06-03: 13:21][0m
 - Using nearest lat/lon = 36.50/-97.50 (requested = 36.50/-97.50), distance ~= 0.0 km
 - Averaging ERA5 over a 0.25°×0.25° spatial area.
 - Selected grid point is over land.
  Processed 2001-06-09 (32/119)
[94m[1mDownloading ERA5 for period: 2001-06-26 10:00:00 to 2001-06-26 23:00:00[0m [92m[06-03: 13:21][0m
 - Found 2001-06-26 00:00:00 - model_an local
 - Found 2001-06-26 00:00:00 - pressure_an local
 - Found 2001-06-26 00:00:00 - surface_an local
[94m[1mReading ERA5 from 2001-06-26 10:00:00 to 2001-06-26 23:00:00[0m [92m[06-03: 13:21][0m
[94m[1mCalculating large-scale forcings[0m [92m[06-03: 13:21][0m
 - Using nearest lat/lon = 36.50/-97.50 (requested = 36.50/-97.50), distance ~= 0.0 km
 - Averaging ERA5 over a 0.25°×0.25° spatial area.
 - Selected grid point is over land.
  Processed 2001-06-26 (33/119)
[94m[1mDownloading ERA5 for period: 2001-07-01 10:00:00 to 2001-07-01 23:00:00[0m [92m[06-03: 13:21][0m
 - Found 2001-07-01 00:00:00 - model_an local
 - Found 2001-07-01 00:00:00 - pressure_an local
 - Found 2001-07-01 00:00:00 - surface_an local
[94m[1mReading ERA5 from 2001-07-01 10:00:00 to 2001-07-01 23:00:00[0m [92m[06-03: 13:21][0m
[94m[1mCalculating large-scale forcings[0m [92m[06-03: 13:21][0m
 - Using nearest lat/lon = 36.50/-97.50 (requested = 36.50/-97.50), distance ~= 0.0 km
 - Averaging ERA5 over a 0.25°×0.25° spatial area.
 - Selected grid point is over land.
  Processed 2001-07-01 (34/119)
[94m[1mDownloading ERA5 for period: 2001-07-02 10:00:00 to 2001-07-02 23:00:00[0m [92m[06-03: 13:21][0m
 - Found 2001-07-02 00:00:00 - model_an local
 - Found 2001-07-02 00:00:00 - pressure_an local
 - Found 2001-07-02 00:00:00 - surface_an local
[94m[1mReading ERA5 from 2001-07-02 10:00:00 to 2001-07-02 23:00:00[0m [92m[06-03: 13:21][0m
[94m[1mCalculating large-scale forcings[0m [92m[06-03: 13:21][0m
 - Using nearest lat/lon = 36.50/-97.50 (requested = 36.50/-97.50), distance ~= 0.0 km
 - Averaging ERA5 over a 0.25°×0.25° spatial area.
 - Selected grid point is over land.
  Processed 2001-07-02 (35/119)
[94m[1mDownloading ERA5 for period: 2001-07-11 10:00:00 to 2001-07-11 23:00:00[0m [92m[06-03: 13:21][0m
 - Found 2001-07-11 00:00:00 - model_an local
 - Found 2001-07-11 00:00:00 - pressure_an local
 - Found 2001-07-11 00:00:00 - surface_an local
[94m[1mReading ERA5 from 2001-07-11 10:00:00 to 2001-07-11 23:00:00[0m [92m[06-03: 13:21][0m
[94m[1mCalculating large-scale forcings[0m [92m[06-03: 13:21][0m
 - Using nearest lat/lon = 36.50/-97.50 (requested = 36.50/-97.50), distance ~= 0.0 km
 - Averaging ERA5 over a 0.25°×0.25° spatial area.
 - Selected grid point is over land.
  Processed 2001-07-11 (36/119)
[94m[1mDownloading ERA5 for period: 2001-07-18 10:00:00 to 2001-07-18 23:00:00[0m [92m[06-03: 13:21][0m
 - Found 2001-07-18 00:00:00 - model_an local
 - Found 2001-07-18 00:00:00 - pressure_an local
 - Found 2001-07-18 00:00:00 - surface_an local
[94m[1mReading ERA5 from 2001-07-18 10:00:00 to 2001-07-18 23:00:00[0m [92m[06-03: 13:21][0m
[94m[1mCalculating large-scale forcings[0m [92m[06-03: 13:21][0m
 - Using nearest lat/lon = 36.50/-97.50 (requested = 36.50/-97.50), distance ~= 0.0 km
 - Averaging ERA5 over a 0.25°×0.25° spatial area.
 - Selected grid point is over land.
  Processed 2001-07-18 (37/119)
[94m[1mDownloading ERA5 for period: 2001-07-20 10:00:00 to 2001-07-20 23:00:00[0m [92m[06-03: 13:21][0m
 - Found 2001-07-20 00:00:00 - model_an local
 - Found 2001-07-20 00:00:00 - pressure_an local
 - Found 2001-07-20 00:00:00 - surface_an local
[94m[1mReading ERA5 from 2001-07-20 10:00:00 to 2001-07-20 23:00:00[0m [92m[06-03: 13:21][0m
[94m[1mCalculating large-scale forcings[0m [92m[06-03: 13:21][0m
 - Using nearest lat/lon = 36.50/-97.50 (requested = 36.50/-97.50), distance ~= 0.0 km
 - Averaging ERA5 over a 0.25°×0.25° spatial area.
 - Selected grid point is over land.
  Processed 2001-07-20 (38/119)
[94m[1mDownloading ERA5 for period: 2002-05-18 10:00:00 to 2002-05-18 23:00:00[0m [92m[06-03: 13:21][0m
 - Found 2002-05-18 00:00:00 - model_an local
 - Found 2002-05-18 00:00:00 - pressure_an local
 - Found 2002-05-18 00:00:00 - surface_an local
[94m[1mReading ERA5 from 2002-05-18 10:00:00 to 2002-05-18 23:00:00[0m [92m[06-03: 13:21][0m
[94m[1mCalculating large-scale forcings[0m [92m[06-03: 13:21][0m
 - Using nearest lat/lon = 36.50/-97.50 (requested = 36.50/-97.50), distance ~= 0.0 km
 - Averaging ERA5 over a 0.25°×0.25° spatial area.
 - Selected grid point is over land.
  Processed 2002-05-18 (39/119)
[94m[1mDownloading ERA5 for period: 2002-05-21 10:00:00 to 2002-05-21 23:00:00[0m [92m[06-03: 13:21][0m
 - Found 2002-05-21 00:00:00 - model_an local
 - Found 2002-05-21 00:00:00 - pressure_an local
 - Found 2002-05-21 00:00:00 - surface_an local
[94m[1mReading ERA5 from 2002-05-21 10:00:00 to 2002-05-21 23:00:00[0m [92m[06-03: 13:21][0m
[94m[1mCalculating large-scale forcings[0m [92m[06-03: 13:21][0m
 - Using nearest lat/lon = 36.50/-97.50 (requested = 36.50/-97.50), distance ~= 0.0 km
 - Averaging ERA5 over a 0.25°×0.25° spatial area.
 - Selected grid point is over land.
  Processed 2002-05-21 (40/119)
[94m[1mDownloading ERA5 for period: 2002-06-17 10:00:00 to 2002-06-17 23:00:00[0m [92m[06-03: 13:21][0m
 - Found 2002-06-17 00:00:00 - model_an local
 - Found 2002-06-17 00:00:00 - pressure_an local
 - Found 2002-06-17 00:00:00 - surface_an local
[94m[1mReading ERA5 from 2002-06-17 10:00:00 to 2002-06-17 23:00:00[0m [92m[06-03: 13:21][0m
[94m[1mCalculating large-scale forcings[0m [92m[06-03: 13:21][0m
 - Using nearest lat/lon = 36.50/-97.50 (requested = 36.50/-97.50), distance ~= 0.0 km
 - Averaging ERA5 over a 0.25°×0.25° spatial area.
 - Selected grid point is over land.
  Processed 2002-06-17 (41/119)
[94m[1mDownloading ERA5 for period: 2002-06-20 10:00:00 to 2002-06-20 23:00:00[0m [92m[06-03: 13:21][0m
 - Found 2002-06-20 00:00:00 - model_an local
 - Found 2002-06-20 00:00:00 - pressure_an local
 - Found 2002-06-20 00:00:00 - surface_an local
[94m[1mReading ERA5 from 2002-06-20 10:00:00 to 2002-06-20 23:00:00[0m [92m[06-03: 13:21][0m
[94m[1mCalculating large-scale forcings[0m [92m[06-03: 13:21][0m
 - Using nearest lat/lon = 36.50/-97.50 (requested = 36.50/-97.50), distance ~= 0.0 km
 - Averaging ERA5 over a 0.25°×0.25° spatial area.
 - Selected grid point is over land.
  Processed 2002-06-20 (42/119)
[94m[1mDownloading ERA5 for period: 2002-06-21 10:00:00 to 2002-06-21 23:00:00[0m [92m[06-03: 13:21][0m
 - Found 2002-06-21 00:00:00 - model_an local
 - Found 2002-06-21 00:00:00 - pressure_an local
 - Found 2002-06-21 00:00:00 - surface_an local
[94m[1mReading ERA5 from 2002-06-21 10:00:00 to 2002-06-21 23:00:00[0m [92m[06-03: 13:21][0m
[94m[1mCalculating large-scale forcings[0m [92m[06-03: 13:21][0m
 - Using nearest lat/lon = 36.50/-97.50 (requested = 36.50/-97.50), distance ~= 0.0 km
 - Averaging ERA5 over a 0.25°×0.25° spatial area.
 - Selected grid point is over land.
  Processed 2002-06-21 (43/119)
[94m[1mDownloading ERA5 for period: 2002-06-22 10:00:00 to 2002-06-22 23:00:00[0m [92m[06-03: 13:21][0m
 - Found 2002-06-22 00:00:00 - model_an local
 - Found 2002-06-22 00:00:00 - pressure_an local
 - Found 2002-06-22 00:00:00 - surface_an local
[94m[1mReading ERA5 from 2002-06-22 10:00:00 to 2002-06-22 23:00:00[0m [92m[06-03: 13:21][0m
[94m[1mCalculating large-scale forcings[0m [92m[06-03: 13:21][0m
 - Using nearest lat/lon = 36.50/-97.50 (requested = 36.50/-97.50), distance ~= 0.0 km
 - Averaging ERA5 over a 0.25°×0.25° spatial area.
 - Selected grid point is over land.
  Processed 2002-06-22 (44/119)
[94m[1mDownloading ERA5 for period: 2002-06-25 10:00:00 to 2002-06-25 23:00:00[0m [92m[06-03: 13:21][0m
 - Found 2002-06-25 00:00:00 - model_an local
 - Found 2002-06-25 00:00:00 - pressure_an local
 - Found 2002-06-25 00:00:00 - surface_an local
[94m[1mReading ERA5 from 2002-06-25 10:00:00 to 2002-06-25 23:00:00[0m [92m[06-03: 13:21][0m
[94m[1mCalculating large-scale forcings[0m [92m[06-03: 13:21][0m
 - Using nearest lat/lon = 36.50/-97.50 (requested = 36.50/-97.50), distance ~= 0.0 km
 - Averaging ERA5 over a 0.25°×0.25° spatial area.
 - Selected grid point is over land.
  Processed 2002-06-25 (45/119)
[94m[1mDownloading ERA5 for period: 2002-06-29 10:00:00 to 2002-06-29 23:00:00[0m [92m[06-03: 13:21][0m
 - Found 2002-06-29 00:00:00 - model_an local
 - Found 2002-06-29 00:00:00 - pressure_an local
 - Found 2002-06-29 00:00:00 - surface_an local
[94m[1mReading ERA5 from 2002-06-29 10:00:00 to 2002-06-29 23:00:00[0m [92m[06-03: 13:21][0m
[94m[1mCalculating large-scale forcings[0m [92m[06-03: 13:21][0m
 - Using nearest lat/lon = 36.50/-97.50 (requested = 36.50/-97.50), distance ~= 0.0 km
 - Averaging ERA5 over a 0.25°×0.25° spatial area.
 - Selected grid point is over land.
  Processed 2002-06-29 (46/119)
[94m[1mDownloading ERA5 for period: 2002-07-08 10:00:00 to 2002-07-08 23:00:00[0m [92m[06-03: 13:21][0m
 - Found 2002-07-08 00:00:00 - model_an local
 - Found 2002-07-08 00:00:00 - pressure_an local
 - Found 2002-07-08 00:00:00 - surface_an local
[94m[1mReading ERA5 from 2002-07-08 10:00:00 to 2002-07-08 23:00:00[0m [92m[06-03: 13:21][0m
[94m[1mCalculating large-scale forcings[0m [92m[06-03: 13:21][0m
 - Using nearest lat/lon = 36.50/-97.50 (requested = 36.50/-97.50), distance ~= 0.0 km
 - Averaging ERA5 over a 0.25°×0.25° spatial area.
 - Selected grid point is over land.
  Processed 2002-07-08 (47/119)
[94m[1mDownloading ERA5 for period: 2002-07-10 10:00:00 to 2002-07-10 23:00:00[0m [92m[06-03: 13:21][0m
 - Found 2002-07-10 00:00:00 - model_an local
 - Found 2002-07-10 00:00:00 - pressure_an local
 - Found 2002-07-10 00:00:00 - surface_an local
[94m[1mReading ERA5 from 2002-07-10 10:00:00 to 2002-07-10 23:00:00[0m [92m[06-03: 13:21][0m
[94m[1mCalculating large-scale forcings[0m [92m[06-03: 13:21][0m
 - Using nearest lat/lon = 36.50/-97.50 (requested = 36.50/-97.50), distance ~= 0.0 km
 - Averaging ERA5 over a 0.25°×0.25° spatial area.
 - Selected grid point is over land.
  Processed 2002-07-10 (48/119)
[94m[1mDownloading ERA5 for period: 2002-07-14 10:00:00 to 2002-07-14 23:00:00[0m [92m[06-03: 13:21][0m
 - Found 2002-07-14 00:00:00 - model_an local
 - Found 2002-07-14 00:00:00 - pressure_an local
 - Found 2002-07-14 00:00:00 - surface_an local
[94m[1mReading ERA5 from 2002-07-14 10:00:00 to 2002-07-14 23:00:00[0m [92m[06-03: 13:21][0m
[94m[1mCalculating large-scale forcings[0m [92m[06-03: 13:21][0m
 - Using nearest lat/lon = 36.50/-97.50 (requested = 36.50/-97.50), distance ~= 0.0 km
 - Averaging ERA5 over a 0.25°×0.25° spatial area.
 - Selected grid point is over land.
  Processed 2002-07-14 (49/119)
[94m[1mDownloading ERA5 for period: 2002-07-15 10:00:00 to 2002-07-15 23:00:00[0m [92m[06-03: 13:21][0m
 - Found 2002-07-15 00:00:00 - model_an local
 - Found 2002-07-15 00:00:00 - pressure_an local
 - Found 2002-07-15 00:00:00 - surface_an local
[94m[1mReading ERA5 from 2002-07-15 10:00:00 to 2002-07-15 23:00:00[0m [92m[06-03: 13:21][0m
[94m[1mCalculating large-scale forcings[0m [92m[06-03: 13:21][0m
 - Using nearest lat/lon = 36.50/-97.50 (requested = 36.50/-97.50), distance ~= 0.0 km
 - Averaging ERA5 over a 0.25°×0.25° spatial area.
 - Selected grid point is over land.
  Processed 2002-07-15 (50/119)
[94m[1mDownloading ERA5 for period: 2002-07-16 10:00:00 to 2002-07-16 23:00:00[0m [92m[06-03: 13:21][0m
 - Found 2002-07-16 00:00:00 - model_an local
 - Found 2002-07-16 00:00:00 - pressure_an local
 - Found 2002-07-16 00:00:00 - surface_an local
[94m[1mReading ERA5 from 2002-07-16 10:00:00 to 2002-07-16 23:00:00[0m [92m[06-03: 13:21][0m
[94m[1mCalculating large-scale forcings[0m [92m[06-03: 13:21][0m
 - Using nearest lat/lon = 36.50/-97.50 (requested = 36.50/-97.50), distance ~= 0.0 km
 - Averaging ERA5 over a 0.25°×0.25° spatial area.
 - Selected grid point is over land.
  Processed 2002-07-16 (51/119)
[94m[1mDownloading ERA5 for period: 2002-07-19 10:00:00 to 2002-07-19 23:00:00[0m [92m[06-03: 13:21][0m
 - Found 2002-07-19 00:00:00 - model_an local
 - Found 2002-07-19 00:00:00 - pressure_an local
 - Found 2002-07-19 00:00:00 - surface_an local
[94m[1mReading ERA5 from 2002-07-19 10:00:00 to 2002-07-19 23:00:00[0m [92m[06-03: 13:21][0m
[94m[1mCalculating large-scale forcings[0m [92m[06-03: 13:21][0m
 - Using nearest lat/lon = 36.50/-97.50 (requested = 36.50/-97.50), distance ~= 0.0 km
 - Averaging ERA5 over a 0.25°×0.25° spatial area.
 - Selected grid point is over land.
  Processed 2002-07-19 (52/119)
[94m[1mDownloading ERA5 for period: 2002-07-31 10:00:00 to 2002-07-31 23:00:00[0m [92m[06-03: 13:21][0m
 - Found 2002-07-31 00:00:00 - model_an local
 - Found 2002-07-31 00:00:00 - pressure_an local
 - Found 2002-07-31 00:00:00 - surface_an local
[94m[1mReading ERA5 from 2002-07-31 10:00:00 to 2002-07-31 23:00:00[0m [92m[06-03: 13:21][0m
[94m[1mCalculating large-scale forcings[0m [92m[06-03: 13:21][0m
 - Using nearest lat/lon = 36.50/-97.50 (requested = 36.50/-97.50), distance ~= 0.0 km
 - Averaging ERA5 over a 0.25°×0.25° spatial area.
 - Selected grid point is over land.
  Processed 2002-07-31 (53/119)
[94m[1mDownloading ERA5 for period: 2002-08-03 10:00:00 to 2002-08-03 23:00:00[0m [92m[06-03: 13:21][0m
 - Found 2002-08-03 00:00:00 - model_an local
 - Found 2002-08-03 00:00:00 - pressure_an local
 - Found 2002-08-03 00:00:00 - surface_an local
[94m[1mReading ERA5 from 2002-08-03 10:00:00 to 2002-08-03 23:00:00[0m [92m[06-03: 13:21][0m
[94m[1mCalculating large-scale forcings[0m [92m[06-03: 13:21][0m
 - Using nearest lat/lon = 36.50/-97.50 (requested = 36.50/-97.50), distance ~= 0.0 km
 - Averaging ERA5 over a 0.25°×0.25° spatial area.
 - Selected grid point is over land.
  Processed 2002-08-03 (54/119)
[94m[1mDownloading ERA5 for period: 2002-08-05 10:00:00 to 2002-08-05 23:00:00[0m [92m[06-03: 13:21][0m
 - Found 2002-08-05 00:00:00 - model_an local
 - Found 2002-08-05 00:00:00 - pressure_an local
 - Found 2002-08-05 00:00:00 - surface_an local
[94m[1mReading ERA5 from 2002-08-05 10:00:00 to 2002-08-05 23:00:00[0m [92m[06-03: 13:21][0m
[94m[1mCalculating large-scale forcings[0m [92m[06-03: 13:21][0m
 - Using nearest lat/lon = 36.50/-97.50 (requested = 36.50/-97.50), distance ~= 0.0 km
 - Averaging ERA5 over a 0.25°×0.25° spatial area.
 - Selected grid point is over land.
  Processed 2002-08-05 (55/119)
[94m[1mDownloading ERA5 for period: 2002-08-07 10:00:00 to 2002-08-07 23:00:00[0m [92m[06-03: 13:21][0m
 - Found 2002-08-07 00:00:00 - model_an local
 - Found 2002-08-07 00:00:00 - pressure_an local
 - Found 2002-08-07 00:00:00 - surface_an local
[94m[1mReading ERA5 from 2002-08-07 10:00:00 to 2002-08-07 23:00:00[0m [92m[06-03: 13:21][0m
[94m[1mCalculating large-scale forcings[0m [92m[06-03: 13:21][0m
 - Using nearest lat/lon = 36.50/-97.50 (requested = 36.50/-97.50), distance ~= 0.0 km
 - Averaging ERA5 over a 0.25°×0.25° spatial area.
 - Selected grid point is over land.
  Processed 2002-08-07 (56/119)
[94m[1mDownloading ERA5 for period: 2002-08-08 10:00:00 to 2002-08-08 23:00:00[0m [92m[06-03: 13:21][0m
 - Found 2002-08-08 00:00:00 - model_an local
 - Found 2002-08-08 00:00:00 - pressure_an local
 - Found 2002-08-08 00:00:00 - surface_an local
[94m[1mReading ERA5 from 2002-08-08 10:00:00 to 2002-08-08 23:00:00[0m [92m[06-03: 13:21][0m
[94m[1mCalculating large-scale forcings[0m [92m[06-03: 13:21][0m
 - Using nearest lat/lon = 36.50/-97.50 (requested = 36.50/-97.50), distance ~= 0.0 km
 - Averaging ERA5 over a 0.25°×0.25° spatial area.
 - Selected grid point is over land.
  Processed 2002-08-08 (57/119)
[94m[1mDownloading ERA5 for period: 2002-08-11 10:00:00 to 2002-08-11 23:00:00[0m [92m[06-03: 13:21][0m
 - Found 2002-08-11 00:00:00 - model_an local
 - Found 2002-08-11 00:00:00 - pressure_an local
 - Found 2002-08-11 00:00:00 - surface_an local
[94m[1mReading ERA5 from 2002-08-11 10:00:00 to 2002-08-11 23:00:00[0m [92m[06-03: 13:21][0m
[94m[1mCalculating large-scale forcings[0m [92m[06-03: 13:21][0m
 - Using nearest lat/lon = 36.50/-97.50 (requested = 36.50/-97.50), distance ~= 0.0 km
 - Averaging ERA5 over a 0.25°×0.25° spatial area.
 - Selected grid point is over land.
  Processed 2002-08-11 (58/119)
[94m[1mDownloading ERA5 for period: 2002-08-31 10:00:00 to 2002-08-31 23:00:00[0m [92m[06-03: 13:21][0m
 - Found 2002-08-31 00:00:00 - model_an local
 - Found 2002-08-31 00:00:00 - pressure_an local
 - Found 2002-08-31 00:00:00 - surface_an local
[94m[1mReading ERA5 from 2002-08-31 10:00:00 to 2002-08-31 23:00:00[0m [92m[06-03: 13:21][0m
[94m[1mCalculating large-scale forcings[0m [92m[06-03: 13:21][0m
 - Using nearest lat/lon = 36.50/-97.50 (requested = 36.50/-97.50), distance ~= 0.0 km
 - Averaging ERA5 over a 0.25°×0.25° spatial area.
 - Selected grid point is over land.
  Processed 2002-08-31 (59/119)
[94m[1mDownloading ERA5 for period: 2003-06-15 10:00:00 to 2003-06-15 23:00:00[0m [92m[06-03: 13:21][0m
 - Found 2003-06-15 00:00:00 - model_an local
 - Found 2003-06-15 00:00:00 - pressure_an local
 - Found 2003-06-15 00:00:00 - surface_an local
[94m[1mReading ERA5 from 2003-06-15 10:00:00 to 2003-06-15 23:00:00[0m [92m[06-03: 13:21][0m
[94m[1mCalculating large-scale forcings[0m [92m[06-03: 13:21][0m
 - Using nearest lat/lon = 36.50/-97.50 (requested = 36.50/-97.50), distance ~= 0.0 km
 - Averaging ERA5 over a 0.25°×0.25° spatial area.
 - Selected grid point is over land.
  Processed 2003-06-15 (60/119)
[94m[1mDownloading ERA5 for period: 2003-06-17 10:00:00 to 2003-06-17 23:00:00[0m [92m[06-03: 13:21][0m
 - Found 2003-06-17 00:00:00 - model_an local
 - Found 2003-06-17 00:00:00 - pressure_an local
 - Found 2003-06-17 00:00:00 - surface_an local
[94m[1mReading ERA5 from 2003-06-17 10:00:00 to 2003-06-17 23:00:00[0m [92m[06-03: 13:21][0m
[94m[1mCalculating large-scale forcings[0m [92m[06-03: 13:21][0m
 - Using nearest lat/lon = 36.50/-97.50 (requested = 36.50/-97.50), distance ~= 0.0 km
 - Averaging ERA5 over a 0.25°×0.25° spatial area.
 - Selected grid point is over land.
  Processed 2003-06-17 (61/119)
[94m[1mDownloading ERA5 for period: 2003-07-02 10:00:00 to 2003-07-02 23:00:00[0m [92m[06-03: 13:21][0m
 - Found 2003-07-02 00:00:00 - model_an local
 - Found 2003-07-02 00:00:00 - pressure_an local
 - Found 2003-07-02 00:00:00 - surface_an local
[94m[1mReading ERA5 from 2003-07-02 10:00:00 to 2003-07-02 23:00:00[0m [92m[06-03: 13:21][0m
[94m[1mCalculating large-scale forcings[0m [92m[06-03: 13:21][0m
 - Using nearest lat/lon = 36.50/-97.50 (requested = 36.50/-97.50), distance ~= 0.0 km
 - Averaging ERA5 over a 0.25°×0.25° spatial area.
 - Selected grid point is over land.
  Processed 2003-07-02 (62/119)
[94m[1mDownloading ERA5 for period: 2003-07-25 10:00:00 to 2003-07-25 23:00:00[0m [92m[06-03: 13:21][0m
 - Found 2003-07-25 00:00:00 - model_an local
 - Found 2003-07-25 00:00:00 - pressure_an local
 - Found 2003-07-25 00:00:00 - surface_an local
[94m[1mReading ERA5 from 2003-07-25 10:00:00 to 2003-07-25 23:00:00[0m [92m[06-03: 13:21][0m
[94m[1mCalculating large-scale forcings[0m [92m[06-03: 13:21][0m
 - Using nearest lat/lon = 36.50/-97.50 (requested = 36.50/-97.50), distance ~= 0.0 km
 - Averaging ERA5 over a 0.25°×0.25° spatial area.
 - Selected grid point is over land.
  Processed 2003-07-25 (63/119)
[94m[1mDownloading ERA5 for period: 2003-07-26 10:00:00 to 2003-07-26 23:00:00[0m [92m[06-03: 13:21][0m
 - Found 2003-07-26 00:00:00 - model_an local
 - Found 2003-07-26 00:00:00 - pressure_an local
 - Found 2003-07-26 00:00:00 - surface_an local
[94m[1mReading ERA5 from 2003-07-26 10:00:00 to 2003-07-26 23:00:00[0m [92m[06-03: 13:21][0m
[94m[1mCalculating large-scale forcings[0m [92m[06-03: 13:21][0m
 - Using nearest lat/lon = 36.50/-97.50 (requested = 36.50/-97.50), distance ~= 0.0 km
 - Averaging ERA5 over a 0.25°×0.25° spatial area.
 - Selected grid point is over land.
  Processed 2003-07-26 (64/119)
[94m[1mDownloading ERA5 for period: 2003-07-27 10:00:00 to 2003-07-27 23:00:00[0m [92m[06-03: 13:21][0m
 - Found 2003-07-27 00:00:00 - model_an local
 - Found 2003-07-27 00:00:00 - pressure_an local
 - Found 2003-07-27 00:00:00 - surface_an local
[94m[1mReading ERA5 from 2003-07-27 10:00:00 to 2003-07-27 23:00:00[0m [92m[06-03: 13:21][0m
[94m[1mCalculating large-scale forcings[0m [92m[06-03: 13:21][0m
 - Using nearest lat/lon = 36.50/-97.50 (requested = 36.50/-97.50), distance ~= 0.0 km
 - Averaging ERA5 over a 0.25°×0.25° spatial area.
 - Selected grid point is over land.
  Processed 2003-07-27 (65/119)
[94m[1mDownloading ERA5 for period: 2003-08-12 10:00:00 to 2003-08-12 23:00:00[0m [92m[06-03: 13:21][0m
 - Found 2003-08-12 00:00:00 - model_an local
 - Found 2003-08-12 00:00:00 - pressure_an local
 - Found 2003-08-12 00:00:00 - surface_an local
[94m[1mReading ERA5 from 2003-08-12 10:00:00 to 2003-08-12 23:00:00[0m [92m[06-03: 13:21][0m
[94m[1mCalculating large-scale forcings[0m [92m[06-03: 13:21][0m
 - Using nearest lat/lon = 36.50/-97.50 (requested = 36.50/-97.50), distance ~= 0.0 km
 - Averaging ERA5 over a 0.25°×0.25° spatial area.
 - Selected grid point is over land.
  Processed 2003-08-12 (66/119)
[94m[1mDownloading ERA5 for period: 2003-08-14 10:00:00 to 2003-08-14 23:00:00[0m [92m[06-03: 13:21][0m
 - Found 2003-08-14 00:00:00 - model_an local
 - Found 2003-08-14 00:00:00 - pressure_an local
 - Found 2003-08-14 00:00:00 - surface_an local
[94m[1mReading ERA5 from 2003-08-14 10:00:00 to 2003-08-14 23:00:00[0m [92m[06-03: 13:21][0m
[94m[1mCalculating large-scale forcings[0m [92m[06-03: 13:21][0m
 - Using nearest lat/lon = 36.50/-97.50 (requested = 36.50/-97.50), distance ~= 0.0 km
 - Averaging ERA5 over a 0.25°×0.25° spatial area.
 - Selected grid point is over land.
  Processed 2003-08-14 (67/119)
[94m[1mDownloading ERA5 for period: 2003-08-15 10:00:00 to 2003-08-15 23:00:00[0m [92m[06-03: 13:21][0m
 - Found 2003-08-15 00:00:00 - model_an local
 - Found 2003-08-15 00:00:00 - pressure_an local
 - Found 2003-08-15 00:00:00 - surface_an local
[94m[1mReading ERA5 from 2003-08-15 10:00:00 to 2003-08-15 23:00:00[0m [92m[06-03: 13:21][0m
[94m[1mCalculating large-scale forcings[0m [92m[06-03: 13:21][0m
 - Using nearest lat/lon = 36.50/-97.50 (requested = 36.50/-97.50), distance ~= 0.0 km
 - Averaging ERA5 over a 0.25°×0.25° spatial area.
 - Selected grid point is over land.
  Processed 2003-08-15 (68/119)
[94m[1mDownloading ERA5 for period: 2003-08-19 10:00:00 to 2003-08-19 23:00:00[0m [92m[06-03: 13:21][0m
 - Found 2003-08-19 00:00:00 - model_an local
 - Found 2003-08-19 00:00:00 - pressure_an local
 - Found 2003-08-19 00:00:00 - surface_an local
[94m[1mReading ERA5 from 2003-08-19 10:00:00 to 2003-08-19 23:00:00[0m [92m[06-03: 13:21][0m
[94m[1mCalculating large-scale forcings[0m [92m[06-03: 13:21][0m
 - Using nearest lat/lon = 36.50/-97.50 (requested = 36.50/-97.50), distance ~= 0.0 km
 - Averaging ERA5 over a 0.25°×0.25° spatial area.
 - Selected grid point is over land.
  Processed 2003-08-19 (69/119)
[94m[1mDownloading ERA5 for period: 2004-05-07 10:00:00 to 2004-05-07 23:00:00[0m [92m[06-03: 13:21][0m
 - Found 2004-05-07 00:00:00 - model_an local
 - Found 2004-05-07 00:00:00 - pressure_an local
 - Found 2004-05-07 00:00:00 - surface_an local
[94m[1mReading ERA5 from 2004-05-07 10:00:00 to 2004-05-07 23:00:00[0m [92m[06-03: 13:21][0m
[94m[1mCalculating large-scale forcings[0m [92m[06-03: 13:21][0m
 - Using nearest lat/lon = 36.50/-97.50 (requested = 36.50/-97.50), distance ~= 0.0 km
 - Averaging ERA5 over a 0.25°×0.25° spatial area.
 - Selected grid point is over land.
  Processed 2004-05-07 (70/119)
[94m[1mDownloading ERA5 for period: 2004-05-08 10:00:00 to 2004-05-08 23:00:00[0m [92m[06-03: 13:21][0m
 - Found 2004-05-08 00:00:00 - model_an local
 - Found 2004-05-08 00:00:00 - pressure_an local
 - Found 2004-05-08 00:00:00 - surface_an local
[94m[1mReading ERA5 from 2004-05-08 10:00:00 to 2004-05-08 23:00:00[0m [92m[06-03: 13:21][0m
[94m[1mCalculating large-scale forcings[0m [92m[06-03: 13:21][0m
 - Using nearest lat/lon = 36.50/-97.50 (requested = 36.50/-97.50), distance ~= 0.0 km
 - Averaging ERA5 over a 0.25°×0.25° spatial area.
 - Selected grid point is over land.
  Processed 2004-05-08 (71/119)
[94m[1mDownloading ERA5 for period: 2004-06-03 10:00:00 to 2004-06-03 23:00:00[0m [92m[06-03: 13:21][0m
 - Found 2004-06-03 00:00:00 - model_an local
 - Found 2004-06-03 00:00:00 - pressure_an local
 - Found 2004-06-03 00:00:00 - surface_an local
[94m[1mReading ERA5 from 2004-06-03 10:00:00 to 2004-06-03 23:00:00[0m [92m[06-03: 13:21][0m
[94m[1mCalculating large-scale forcings[0m [92m[06-03: 13:21][0m
 - Using nearest lat/lon = 36.50/-97.50 (requested = 36.50/-97.50), distance ~= 0.0 km
 - Averaging ERA5 over a 0.25°×0.25° spatial area.
 - Selected grid point is over land.
  Processed 2004-06-03 (72/119)
[94m[1mDownloading ERA5 for period: 2004-06-14 10:00:00 to 2004-06-14 23:00:00[0m [92m[06-03: 13:21][0m
 - Found 2004-06-14 00:00:00 - model_an local
 - Found 2004-06-14 00:00:00 - pressure_an local
 - Found 2004-06-14 00:00:00 - surface_an local
[94m[1mReading ERA5 from 2004-06-14 10:00:00 to 2004-06-14 23:00:00[0m [92m[06-03: 13:21][0m
[94m[1mCalculating large-scale forcings[0m [92m[06-03: 13:21][0m
 - Using nearest lat/lon = 36.50/-97.50 (requested = 36.50/-97.50), distance ~= 0.0 km
 - Averaging ERA5 over a 0.25°×0.25° spatial area.
 - Selected grid point is over land.
  Processed 2004-06-14 (73/119)
[94m[1mDownloading ERA5 for period: 2004-07-26 10:00:00 to 2004-07-26 23:00:00[0m [92m[06-03: 13:21][0m
 - Found 2004-07-26 00:00:00 - model_an local
 - Found 2004-07-26 00:00:00 - pressure_an local
 - Found 2004-07-26 00:00:00 - surface_an local
[94m[1mReading ERA5 from 2004-07-26 10:00:00 to 2004-07-26 23:00:00[0m [92m[06-03: 13:21][0m
[94m[1mCalculating large-scale forcings[0m [92m[06-03: 13:21][0m
 - Using nearest lat/lon = 36.50/-97.50 (requested = 36.50/-97.50), distance ~= 0.0 km
 - Averaging ERA5 over a 0.25°×0.25° spatial area.
 - Selected grid point is over land.
  Processed 2004-07-26 (74/119)
[94m[1mDownloading ERA5 for period: 2005-05-06 10:00:00 to 2005-05-06 23:00:00[0m [92m[06-03: 13:21][0m
 - Found 2005-05-06 00:00:00 - model_an local
 - Found 2005-05-06 00:00:00 - pressure_an local
 - Found 2005-05-06 00:00:00 - surface_an local
[94m[1mReading ERA5 from 2005-05-06 10:00:00 to 2005-05-06 23:00:00[0m [92m[06-03: 13:21][0m
[94m[1mCalculating large-scale forcings[0m [92m[06-03: 13:21][0m
 - Using nearest lat/lon = 36.50/-97.50 (requested = 36.50/-97.50), distance ~= 0.0 km
 - Averaging ERA5 over a 0.25°×0.25° spatial area.
 - Selected grid point is over land.
  Processed 2005-05-06 (75/119)
[94m[1mDownloading ERA5 for period: 2005-05-20 10:00:00 to 2005-05-20 23:00:00[0m [92m[06-03: 13:21][0m
 - Found 2005-05-20 00:00:00 - model_an local
 - Found 2005-05-20 00:00:00 - pressure_an local
 - Found 2005-05-20 00:00:00 - surface_an local
[94m[1mReading ERA5 from 2005-05-20 10:00:00 to 2005-05-20 23:00:00[0m [92m[06-03: 13:21][0m
[94m[1mCalculating large-scale forcings[0m [92m[06-03: 13:21][0m
 - Using nearest lat/lon = 36.50/-97.50 (requested = 36.50/-97.50), distance ~= 0.0 km
 - Averaging ERA5 over a 0.25°×0.25° spatial area.
 - Selected grid point is over land.
  Processed 2005-05-20 (76/119)
[94m[1mDownloading ERA5 for period: 2005-06-08 10:00:00 to 2005-06-08 23:00:00[0m [92m[06-03: 13:21][0m
 - Found 2005-06-08 00:00:00 - model_an local
 - Found 2005-06-08 00:00:00 - pressure_an local
 - Found 2005-06-08 00:00:00 - surface_an local
[94m[1mReading ERA5 from 2005-06-08 10:00:00 to 2005-06-08 23:00:00[0m [92m[06-03: 13:21][0m
[94m[1mCalculating large-scale forcings[0m [92m[06-03: 13:21][0m
 - Using nearest lat/lon = 36.50/-97.50 (requested = 36.50/-97.50), distance ~= 0.0 km
 - Averaging ERA5 over a 0.25°×0.25° spatial area.
 - Selected grid point is over land.
  Processed 2005-06-08 (77/119)
[94m[1mDownloading ERA5 for period: 2005-07-07 10:00:00 to 2005-07-07 23:00:00[0m [92m[06-03: 13:21][0m
 - Found 2005-07-07 00:00:00 - model_an local
 - Found 2005-07-07 00:00:00 - pressure_an local
 - Found 2005-07-07 00:00:00 - surface_an local
[94m[1mReading ERA5 from 2005-07-07 10:00:00 to 2005-07-07 23:00:00[0m [92m[06-03: 13:21][0m
[94m[1mCalculating large-scale forcings[0m [92m[06-03: 13:21][0m
 - Using nearest lat/lon = 36.50/-97.50 (requested = 36.50/-97.50), distance ~= 0.0 km
 - Averaging ERA5 over a 0.25°×0.25° spatial area.
 - Selected grid point is over land.
  Processed 2005-07-07 (78/119)
[94m[1mDownloading ERA5 for period: 2005-07-10 10:00:00 to 2005-07-10 23:00:00[0m [92m[06-03: 13:21][0m
 - Found 2005-07-10 00:00:00 - model_an local
 - Found 2005-07-10 00:00:00 - pressure_an local
 - Found 2005-07-10 00:00:00 - surface_an local
[94m[1mReading ERA5 from 2005-07-10 10:00:00 to 2005-07-10 23:00:00[0m [92m[06-03: 13:21][0m
[94m[1mCalculating large-scale forcings[0m [92m[06-03: 13:21][0m
 - Using nearest lat/lon = 36.50/-97.50 (requested = 36.50/-97.50), distance ~= 0.0 km
 - Averaging ERA5 over a 0.25°×0.25° spatial area.
 - Selected grid point is over land.
  Processed 2005-07-10 (79/119)
[94m[1mDownloading ERA5 for period: 2005-07-14 10:00:00 to 2005-07-14 23:00:00[0m [92m[06-03: 13:21][0m
 - Found 2005-07-14 00:00:00 - model_an local
 - Found 2005-07-14 00:00:00 - pressure_an local
 - Found 2005-07-14 00:00:00 - surface_an local
[94m[1mReading ERA5 from 2005-07-14 10:00:00 to 2005-07-14 23:00:00[0m [92m[06-03: 13:21][0m
[94m[1mCalculating large-scale forcings[0m [92m[06-03: 13:21][0m
 - Using nearest lat/lon = 36.50/-97.50 (requested = 36.50/-97.50), distance ~= 0.0 km
 - Averaging ERA5 over a 0.25°×0.25° spatial area.
 - Selected grid point is over land.
  Processed 2005-07-14 (80/119)
[94m[1mDownloading ERA5 for period: 2005-07-16 10:00:00 to 2005-07-16 23:00:00[0m [92m[06-03: 13:21][0m
 - Found 2005-07-16 00:00:00 - model_an local
 - Found 2005-07-16 00:00:00 - pressure_an local
 - Found 2005-07-16 00:00:00 - surface_an local
[94m[1mReading ERA5 from 2005-07-16 10:00:00 to 2005-07-16 23:00:00[0m [92m[06-03: 13:21][0m
[94m[1mCalculating large-scale forcings[0m [92m[06-03: 13:21][0m
 - Using nearest lat/lon = 36.50/-97.50 (requested = 36.50/-97.50), distance ~= 0.0 km
 - Averaging ERA5 over a 0.25°×0.25° spatial area.
 - Selected grid point is over land.
  Processed 2005-07-16 (81/119)
[94m[1mDownloading ERA5 for period: 2005-07-17 10:00:00 to 2005-07-17 23:00:00[0m [92m[06-03: 13:21][0m
 - Found 2005-07-17 00:00:00 - model_an local
 - Found 2005-07-17 00:00:00 - pressure_an local
 - Found 2005-07-17 00:00:00 - surface_an local
[94m[1mReading ERA5 from 2005-07-17 10:00:00 to 2005-07-17 23:00:00[0m [92m[06-03: 13:21][0m
[94m[1mCalculating large-scale forcings[0m [92m[06-03: 13:21][0m
 - Using nearest lat/lon = 36.50/-97.50 (requested = 36.50/-97.50), distance ~= 0.0 km
 - Averaging ERA5 over a 0.25°×0.25° spatial area.
 - Selected grid point is over land.
  Processed 2005-07-17 (82/119)
[94m[1mDownloading ERA5 for period: 2005-07-24 10:00:00 to 2005-07-24 23:00:00[0m [92m[06-03: 13:21][0m
 - Found 2005-07-24 00:00:00 - model_an local
 - Found 2005-07-24 00:00:00 - pressure_an local
 - Found 2005-07-24 00:00:00 - surface_an local
[94m[1mReading ERA5 from 2005-07-24 10:00:00 to 2005-07-24 23:00:00[0m [92m[06-03: 13:21][0m
[94m[1mCalculating large-scale forcings[0m [92m[06-03: 13:21][0m
 - Using nearest lat/lon = 36.50/-97.50 (requested = 36.50/-97.50), distance ~= 0.0 km
 - Averaging ERA5 over a 0.25°×0.25° spatial area.
 - Selected grid point is over land.
  Processed 2005-07-24 (83/119)
[94m[1mDownloading ERA5 for period: 2005-08-03 10:00:00 to 2005-08-03 23:00:00[0m [92m[06-03: 13:21][0m
 - Found 2005-08-03 00:00:00 - model_an local
 - Found 2005-08-03 00:00:00 - pressure_an local
 - Found 2005-08-03 00:00:00 - surface_an local
[94m[1mReading ERA5 from 2005-08-03 10:00:00 to 2005-08-03 23:00:00[0m [92m[06-03: 13:21][0m
[94m[1mCalculating large-scale forcings[0m [92m[06-03: 13:21][0m
 - Using nearest lat/lon = 36.50/-97.50 (requested = 36.50/-97.50), distance ~= 0.0 km
 - Averaging ERA5 over a 0.25°×0.25° spatial area.
 - Selected grid point is over land.
  Processed 2005-08-03 (84/119)
[94m[1mDownloading ERA5 for period: 2005-08-11 10:00:00 to 2005-08-11 23:00:00[0m [92m[06-03: 13:21][0m
 - Found 2005-08-11 00:00:00 - model_an local
 - Found 2005-08-11 00:00:00 - pressure_an local
 - Found 2005-08-11 00:00:00 - surface_an local
[94m[1mReading ERA5 from 2005-08-11 10:00:00 to 2005-08-11 23:00:00[0m [92m[06-03: 13:21][0m
[94m[1mCalculating large-scale forcings[0m [92m[06-03: 13:22][0m
 - Using nearest lat/lon = 36.50/-97.50 (requested = 36.50/-97.50), distance ~= 0.0 km
 - Averaging ERA5 over a 0.25°×0.25° spatial area.
 - Selected grid point is over land.
  Processed 2005-08-11 (85/119)
[94m[1mDownloading ERA5 for period: 2006-05-15 10:00:00 to 2006-05-15 23:00:00[0m [92m[06-03: 13:22][0m
 - Found 2006-05-15 00:00:00 - model_an local
 - Found 2006-05-15 00:00:00 - pressure_an local
 - Found 2006-05-15 00:00:00 - surface_an local
[94m[1mReading ERA5 from 2006-05-15 10:00:00 to 2006-05-15 23:00:00[0m [92m[06-03: 13:22][0m
[94m[1mCalculating large-scale forcings[0m [92m[06-03: 13:22][0m
 - Using nearest lat/lon = 36.50/-97.50 (requested = 36.50/-97.50), distance ~= 0.0 km
 - Averaging ERA5 over a 0.25°×0.25° spatial area.
 - Selected grid point is over land.
  Processed 2006-05-15 (86/119)
[94m[1mDownloading ERA5 for period: 2006-05-16 10:00:00 to 2006-05-16 23:00:00[0m [92m[06-03: 13:22][0m
 - Found 2006-05-16 00:00:00 - model_an local
 - Found 2006-05-16 00:00:00 - pressure_an local
 - Found 2006-05-16 00:00:00 - surface_an local
[94m[1mReading ERA5 from 2006-05-16 10:00:00 to 2006-05-16 23:00:00[0m [92m[06-03: 13:22][0m
[94m[1mCalculating large-scale forcings[0m [92m[06-03: 13:22][0m
 - Using nearest lat/lon = 36.50/-97.50 (requested = 36.50/-97.50), distance ~= 0.0 km
 - Averaging ERA5 over a 0.25°×0.25° spatial area.
 - Selected grid point is over land.
  Processed 2006-05-16 (87/119)
[94m[1mDownloading ERA5 for period: 2006-05-24 10:00:00 to 2006-05-24 23:00:00[0m [92m[06-03: 13:22][0m
 - Found 2006-05-24 00:00:00 - model_an local
 - Found 2006-05-24 00:00:00 - pressure_an local
 - Found 2006-05-24 00:00:00 - surface_an local
[94m[1mReading ERA5 from 2006-05-24 10:00:00 to 2006-05-24 23:00:00[0m [92m[06-03: 13:22][0m
[94m[1mCalculating large-scale forcings[0m [92m[06-03: 13:22][0m
 - Using nearest lat/lon = 36.50/-97.50 (requested = 36.50/-97.50), distance ~= 0.0 km
 - Averaging ERA5 over a 0.25°×0.25° spatial area.
 - Selected grid point is over land.
  Processed 2006-05-24 (88/119)
[94m[1mDownloading ERA5 for period: 2006-06-02 10:00:00 to 2006-06-02 23:00:00[0m [92m[06-03: 13:22][0m
 - Found 2006-06-02 00:00:00 - model_an local
 - Found 2006-06-02 00:00:00 - pressure_an local
 - Found 2006-06-02 00:00:00 - surface_an local
[94m[1mReading ERA5 from 2006-06-02 10:00:00 to 2006-06-02 23:00:00[0m [92m[06-03: 13:22][0m
[94m[1mCalculating large-scale forcings[0m [92m[06-03: 13:22][0m
 - Using nearest lat/lon = 36.50/-97.50 (requested = 36.50/-97.50), distance ~= 0.0 km
 - Averaging ERA5 over a 0.25°×0.25° spatial area.
 - Selected grid point is over land.
  Processed 2006-06-02 (89/119)
[94m[1mDownloading ERA5 for period: 2006-06-24 10:00:00 to 2006-06-24 23:00:00[0m [92m[06-03: 13:22][0m
 - Found 2006-06-24 00:00:00 - model_an local
 - Found 2006-06-24 00:00:00 - pressure_an local
 - Found 2006-06-24 00:00:00 - surface_an local
[94m[1mReading ERA5 from 2006-06-24 10:00:00 to 2006-06-24 23:00:00[0m [92m[06-03: 13:22][0m
[94m[1mCalculating large-scale forcings[0m [92m[06-03: 13:22][0m
 - Using nearest lat/lon = 36.50/-97.50 (requested = 36.50/-97.50), distance ~= 0.0 km
 - Averaging ERA5 over a 0.25°×0.25° spatial area.
 - Selected grid point is over land.
  Processed 2006-06-24 (90/119)
[94m[1mDownloading ERA5 for period: 2006-06-26 10:00:00 to 2006-06-26 23:00:00[0m [92m[06-03: 13:22][0m
 - Found 2006-06-26 00:00:00 - model_an local
 - Found 2006-06-26 00:00:00 - pressure_an local
 - Found 2006-06-26 00:00:00 - surface_an local
[94m[1mReading ERA5 from 2006-06-26 10:00:00 to 2006-06-26 23:00:00[0m [92m[06-03: 13:22][0m
[94m[1mCalculating large-scale forcings[0m [92m[06-03: 13:22][0m
 - Using nearest lat/lon = 36.50/-97.50 (requested = 36.50/-97.50), distance ~= 0.0 km
 - Averaging ERA5 over a 0.25°×0.25° spatial area.
 - Selected grid point is over land.
  Processed 2006-06-26 (91/119)
[94m[1mDownloading ERA5 for period: 2006-06-27 10:00:00 to 2006-06-27 23:00:00[0m [92m[06-03: 13:22][0m
 - Found 2006-06-27 00:00:00 - model_an local
 - Found 2006-06-27 00:00:00 - pressure_an local
 - Found 2006-06-27 00:00:00 - surface_an local
[94m[1mReading ERA5 from 2006-06-27 10:00:00 to 2006-06-27 23:00:00[0m [92m[06-03: 13:22][0m
[94m[1mCalculating large-scale forcings[0m [92m[06-03: 13:22][0m
 - Using nearest lat/lon = 36.50/-97.50 (requested = 36.50/-97.50), distance ~= 0.0 km
 - Averaging ERA5 over a 0.25°×0.25° spatial area.
 - Selected grid point is over land.
  Processed 2006-06-27 (92/119)
[94m[1mDownloading ERA5 for period: 2006-07-01 10:00:00 to 2006-07-01 23:00:00[0m [92m[06-03: 13:22][0m
 - Found 2006-07-01 00:00:00 - model_an local
 - Found 2006-07-01 00:00:00 - pressure_an local
 - Found 2006-07-01 00:00:00 - surface_an local
[94m[1mReading ERA5 from 2006-07-01 10:00:00 to 2006-07-01 23:00:00[0m [92m[06-03: 13:22][0m
[94m[1mCalculating large-scale forcings[0m [92m[06-03: 13:22][0m
 - Using nearest lat/lon = 36.50/-97.50 (requested = 36.50/-97.50), distance ~= 0.0 km
 - Averaging ERA5 over a 0.25°×0.25° spatial area.
 - Selected grid point is over land.
  Processed 2006-07-01 (93/119)
[94m[1mDownloading ERA5 for period: 2006-07-03 10:00:00 to 2006-07-03 23:00:00[0m [92m[06-03: 13:22][0m
 - Found 2006-07-03 00:00:00 - model_an local
 - Found 2006-07-03 00:00:00 - pressure_an local
 - Found 2006-07-03 00:00:00 - surface_an local
[94m[1mReading ERA5 from 2006-07-03 10:00:00 to 2006-07-03 23:00:00[0m [92m[06-03: 13:22][0m
[94m[1mCalculating large-scale forcings[0m [92m[06-03: 13:22][0m
 - Using nearest lat/lon = 36.50/-97.50 (requested = 36.50/-97.50), distance ~= 0.0 km
 - Averaging ERA5 over a 0.25°×0.25° spatial area.
 - Selected grid point is over land.
  Processed 2006-07-03 (94/119)
[94m[1mDownloading ERA5 for period: 2006-07-16 10:00:00 to 2006-07-16 23:00:00[0m [92m[06-03: 13:22][0m
 - Found 2006-07-16 00:00:00 - model_an local
 - Found 2006-07-16 00:00:00 - pressure_an local
 - Found 2006-07-16 00:00:00 - surface_an local
[94m[1mReading ERA5 from 2006-07-16 10:00:00 to 2006-07-16 23:00:00[0m [92m[06-03: 13:22][0m
[94m[1mCalculating large-scale forcings[0m [92m[06-03: 13:22][0m
 - Using nearest lat/lon = 36.50/-97.50 (requested = 36.50/-97.50), distance ~= 0.0 km
 - Averaging ERA5 over a 0.25°×0.25° spatial area.
 - Selected grid point is over land.
  Processed 2006-07-16 (95/119)
[94m[1mDownloading ERA5 for period: 2006-07-17 10:00:00 to 2006-07-17 23:00:00[0m [92m[06-03: 13:22][0m
 - Found 2006-07-17 00:00:00 - model_an local
 - Found 2006-07-17 00:00:00 - pressure_an local
 - Found 2006-07-17 00:00:00 - surface_an local
[94m[1mReading ERA5 from 2006-07-17 10:00:00 to 2006-07-17 23:00:00[0m [92m[06-03: 13:22][0m
[94m[1mCalculating large-scale forcings[0m [92m[06-03: 13:22][0m
 - Using nearest lat/lon = 36.50/-97.50 (requested = 36.50/-97.50), distance ~= 0.0 km
 - Averaging ERA5 over a 0.25°×0.25° spatial area.
 - Selected grid point is over land.
  Processed 2006-07-17 (96/119)
[94m[1mDownloading ERA5 for period: 2006-07-22 10:00:00 to 2006-07-22 23:00:00[0m [92m[06-03: 13:22][0m
 - Found 2006-07-22 00:00:00 - model_an local
 - Found 2006-07-22 00:00:00 - pressure_an local
 - Found 2006-07-22 00:00:00 - surface_an local
[94m[1mReading ERA5 from 2006-07-22 10:00:00 to 2006-07-22 23:00:00[0m [92m[06-03: 13:22][0m
[94m[1mCalculating large-scale forcings[0m [92m[06-03: 13:22][0m
 - Using nearest lat/lon = 36.50/-97.50 (requested = 36.50/-97.50), distance ~= 0.0 km
 - Averaging ERA5 over a 0.25°×0.25° spatial area.
 - Selected grid point is over land.
  Processed 2006-07-22 (97/119)
[94m[1mDownloading ERA5 for period: 2006-07-29 10:00:00 to 2006-07-29 23:00:00[0m [92m[06-03: 13:22][0m
 - Found 2006-07-29 00:00:00 - model_an local
 - Found 2006-07-29 00:00:00 - pressure_an local
 - Found 2006-07-29 00:00:00 - surface_an local
[94m[1mReading ERA5 from 2006-07-29 10:00:00 to 2006-07-29 23:00:00[0m [92m[06-03: 13:22][0m
[94m[1mCalculating large-scale forcings[0m [92m[06-03: 13:22][0m
 - Using nearest lat/lon = 36.50/-97.50 (requested = 36.50/-97.50), distance ~= 0.0 km
 - Averaging ERA5 over a 0.25°×0.25° spatial area.
 - Selected grid point is over land.
  Processed 2006-07-29 (98/119)
[94m[1mDownloading ERA5 for period: 2006-07-30 10:00:00 to 2006-07-30 23:00:00[0m [92m[06-03: 13:22][0m
 - Found 2006-07-30 00:00:00 - model_an local
 - Found 2006-07-30 00:00:00 - pressure_an local
 - Found 2006-07-30 00:00:00 - surface_an local
[94m[1mReading ERA5 from 2006-07-30 10:00:00 to 2006-07-30 23:00:00[0m [92m[06-03: 13:22][0m
[94m[1mCalculating large-scale forcings[0m [92m[06-03: 13:22][0m
 - Using nearest lat/lon = 36.50/-97.50 (requested = 36.50/-97.50), distance ~= 0.0 km
 - Averaging ERA5 over a 0.25°×0.25° spatial area.
 - Selected grid point is over land.
  Processed 2006-07-30 (99/119)
[94m[1mDownloading ERA5 for period: 2006-08-08 10:00:00 to 2006-08-08 23:00:00[0m [92m[06-03: 13:22][0m
 - Found 2006-08-08 00:00:00 - model_an local
 - Found 2006-08-08 00:00:00 - pressure_an local
 - Found 2006-08-08 00:00:00 - surface_an local
[94m[1mReading ERA5 from 2006-08-08 10:00:00 to 2006-08-08 23:00:00[0m [92m[06-03: 13:22][0m
[94m[1mCalculating large-scale forcings[0m [92m[06-03: 13:22][0m
 - Using nearest lat/lon = 36.50/-97.50 (requested = 36.50/-97.50), distance ~= 0.0 km
 - Averaging ERA5 over a 0.25°×0.25° spatial area.
 - Selected grid point is over land.
  Processed 2006-08-08 (100/119)
[94m[1mDownloading ERA5 for period: 2006-08-18 10:00:00 to 2006-08-18 23:00:00[0m [92m[06-03: 13:22][0m
 - Found 2006-08-18 00:00:00 - model_an local
 - Found 2006-08-18 00:00:00 - pressure_an local
 - Found 2006-08-18 00:00:00 - surface_an local
[94m[1mReading ERA5 from 2006-08-18 10:00:00 to 2006-08-18 23:00:00[0m [92m[06-03: 13:22][0m
[94m[1mCalculating large-scale forcings[0m [92m[06-03: 13:22][0m
 - Using nearest lat/lon = 36.50/-97.50 (requested = 36.50/-97.50), distance ~= 0.0 km
 - Averaging ERA5 over a 0.25°×0.25° spatial area.
 - Selected grid point is over land.
  Processed 2006-08-18 (101/119)
[94m[1mDownloading ERA5 for period: 2006-08-29 10:00:00 to 2006-08-29 23:00:00[0m [92m[06-03: 13:22][0m
[94m[1mDownloading: 2006-08-29 00:00:00 - model_an[0m [92m[06-03: 13:22][0m
 - Found previous CDS request!
 - Request finished, downloading NetCDF file
7d1bc94cb9718babf9fd9c5beb640c67.nc:   0%|          | 0.00/4.02M [00:00<?, ?B/s]7d1bc94cb9718babf9fd9c5beb640c67.nc:  25%|██▍       | 1.00M/4.02M [00:01<00:04, 699kB/s]7d1bc94cb9718babf9fd9c5beb640c67.nc:  50%|████▉     | 2.00M/4.02M [00:01<00:01, 1.47MB/s]7d1bc94cb9718babf9fd9c5beb640c67.nc:  99%|█████████▉| 4.00M/4.02M [00:01<00:00, 3.32MB/s]                                                                                         2026-03-06 13:22:22,914 INFO status has been updated to successful
[94m[1mDownloading: 2006-08-29 00:00:00 - pressure_an[0m [92m[06-03: 13:22][0m
 - Found previous CDS request!
 - Request finished, downloading NetCDF file
9039549c98edcfa88858d7db833b62d2.nc:   0%|          | 0.00/139k [00:00<?, ?B/s]9039549c98edcfa88858d7db833b62d2.nc: 100%|██████████| 139k/139k [00:01<00:00, 141kB/s]                                                                                      2026-03-06 13:22:25,608 INFO status has been updated to successful
[94m[1mDownloading: 2006-08-29 00:00:00 - surface_an[0m [92m[06-03: 13:22][0m
 - Found previous CDS request!
 - Request finished, downloading NetCDF file
4c3e45a2b06fc6bdc6da4acf2e7ea1d4.nc:   0%|          | 0.00/261k [00:00<?, ?B/s]4c3e45a2b06fc6bdc6da4acf2e7ea1d4.nc: 100%|██████████| 261k/261k [00:01<00:00, 240kB/s]                                                                                      2026-03-06 13:22:29,783 INFO Request ID is 35e7fc3e-d59a-430e-a801-065ea77f5989
2026-03-06 13:22:30,734 INFO Request ID is b3de1d78-9436-4d0e-b6d3-cdceef7e3343
2026-03-06 13:22:31,960 INFO [2025-12-11T00:00:00] Please note that a dedicated catalogue entry for this dataset, post-processed and stored in Analysis Ready Cloud Optimized (ARCO) format (Zarr), is available for optimised time-series retrievals (i.e. for retrieving data from selected variables for a single point over an extended period of time in an efficient way). You can discover it [here](https://cds.climate.copernicus.eu/datasets/reanalysis-era5-single-levels-timeseries?tab=overview)
2026-03-06 13:22:31,960 INFO Request ID is 77388629-6d68-4fea-a647-b4f1a97c796a
[94m[1mReading ERA5 from 2006-08-29 10:00:00 to 2006-08-29 23:00:00[0m [92m[06-03: 13:22][0m
[94m[1mCalculating large-scale forcings[0m [92m[06-03: 13:22][0m
 - Using nearest lat/lon = 36.50/-97.50 (requested = 36.50/-97.50), distance ~= 0.0 km
 - Averaging ERA5 over a 0.25°×0.25° spatial area.
 - Selected grid point is over land.
  Processed 2006-08-29 (102/119)
[94m[1mDownloading ERA5 for period: 2007-05-12 10:00:00 to 2007-05-12 23:00:00[0m [92m[06-03: 13:22][0m
[94m[1mDownloading: 2007-05-12 00:00:00 - model_an[0m [92m[06-03: 13:22][0m
 - No previous CDS request, submitting new one
[94m[1mDownloading: 2007-05-12 00:00:00 - pressure_an[0m [92m[06-03: 13:22][0m
 - No previous CDS request, submitting new one
[94m[1mDownloading: 2007-05-12 00:00:00 - surface_an[0m [92m[06-03: 13:22][0m
 - No previous CDS request, submitting new one
 -----------------------------------------------------------
 | One or more requests are not finished.                  |
 | For CDS request, you can monitor the progress at:       |
 | https://cds.climate.copernicus.eu/cdsapp#!/yourrequests |
 | This script will stop now, you can restart it           |
 | at any time to retry, or download the results.          |
  CDS request pending for 2007-05-12 (102 days processed). Re-run once complete.
CDS request pending — sleeping ~20 mins before retry (Fri Mar  6 01:22:32 PM PST 2026)
